StatOverallBundlesPlaced: 149
StatOverallItemsOrdered: 148
StatOverallOrdersPlaced: 91
StatOverallBundlesRejected: 0
StatOverallOrdersRejected: 0
StatOverallBundlesHandled: 104
StatOverallItemsHandled: 110
StatOverallLinesHandled: 96
StatOverallOrdersHandled: 68
StatOverallCollisions: 0
StatOverallDistanceTraveled: 3013.259648093423
StatOverallDistanceEstimated: 2919
StatOverallAssignedTasks: 123
